running develop
running egg_info
creating control_turtle.egg-info
writing control_turtle.egg-info/PKG-INFO
writing dependency_links to control_turtle.egg-info/dependency_links.txt
writing entry points to control_turtle.egg-info/entry_points.txt
writing requirements to control_turtle.egg-info/requires.txt
writing top-level names to control_turtle.egg-info/top_level.txt
writing manifest file 'control_turtle.egg-info/SOURCES.txt'
reading manifest file 'control_turtle.egg-info/SOURCES.txt'
writing manifest file 'control_turtle.egg-info/SOURCES.txt'
running build_ext
Creating /home/teunjacobs/Documents/Avular/Avular-S7/PC/joy_load3r/src/control_turtle/install/control_turtle/lib/python3.12/site-packages/control-turtle.egg-link (link to .)
Installing control_Node script to /home/teunjacobs/Documents/Avular/Avular-S7/PC/joy_load3r/src/control_turtle/install/control_turtle/lib/control_turtle

Installed /home/teunjacobs/Documents/Avular/Avular-S7/PC/joy_load3r/src/control_turtle/build/control_turtle
running symlink_data
creating /home/teunjacobs/Documents/Avular/Avular-S7/PC/joy_load3r/src/control_turtle/install/control_turtle/share/ament_index
creating /home/teunjacobs/Documents/Avular/Avular-S7/PC/joy_load3r/src/control_turtle/install/control_turtle/share/ament_index/resource_index
creating /home/teunjacobs/Documents/Avular/Avular-S7/PC/joy_load3r/src/control_turtle/install/control_turtle/share/ament_index/resource_index/packages
symbolically linking /home/teunjacobs/Documents/Avular/Avular-S7/PC/joy_load3r/src/control_turtle/build/control_turtle/resource/control_turtle -> /home/teunjacobs/Documents/Avular/Avular-S7/PC/joy_load3r/src/control_turtle/install/control_turtle/share/ament_index/resource_index/packages
symbolically linking /home/teunjacobs/Documents/Avular/Avular-S7/PC/joy_load3r/src/control_turtle/build/control_turtle/package.xml -> /home/teunjacobs/Documents/Avular/Avular-S7/PC/joy_load3r/src/control_turtle/install/control_turtle/share/control_turtle
